\BOOKMARK [0][-]{chapter*.1}{\376\377\000A\000b\000s\000t\000r\000a\000c\000t}{}% 1
\BOOKMARK [0][-]{chapter*.2}{\376\377\000R\000i\000n\000g\000r\000a\000z\000i\000a\000m\000e\000n\000t\000i}{}% 2
\BOOKMARK [0][-]{chapter.1}{\376\377\000I\000n\000t\000r\000o\000d\000u\000z\000i\000o\000n\000e}{}% 3
\BOOKMARK [1][-]{section.1.1}{\376\377\000M\000o\000t\000i\000v\000a\000z\000i\000o\000n\000i}{chapter.1}% 4
\BOOKMARK [1][-]{section.1.2}{\376\377\000O\000b\000i\000e\000t\000t\000i\000v\000i}{chapter.1}% 5
\BOOKMARK [0][-]{chapter.2}{\376\377\000B\000a\000c\000k\000g\000r\000o\000u\000n\000d\000\040\000t\000e\000o\000r\000i\000c\000o}{}% 6
\BOOKMARK [1][-]{section.2.1}{\376\377\000P\000r\000o\000b\000l\000e\000m\000i\000\040\000Q\000U\000B\000O}{chapter.2}% 7
\BOOKMARK [1][-]{section.2.2}{\376\377\000Q\000u\000a\000n\000t\000u\000m\000\040\000A\000n\000n\000e\000a\000l\000i\000n\000g}{chapter.2}% 8
\BOOKMARK [1][-]{section.2.3}{\376\377\000A\000p\000p\000r\000o\000c\000c\000i\000\040\000i\000b\000r\000i\000d\000i}{chapter.2}% 9
\BOOKMARK [1][-]{section.2.4}{\376\377\000S\000i\000m\000u\000l\000a\000t\000e\000d\000\040\000A\000n\000n\000e\000a\000l\000i\000n\000g}{chapter.2}% 10
\BOOKMARK [0][-]{chapter.3}{\376\377\000Q\000u\000a\000n\000t\000u\000m\000\040\000A\000n\000n\000e\000a\000l\000i\000n\000g\000\040\000L\000e\000a\000r\000n\000i\000n\000g\000\040\000S\000e\000a\000r\000c\000h\000\040\000\050\000Q\000A\000L\000S\000\051}{}% 11
\BOOKMARK [1][-]{section.3.1}{\376\377\000A\000l\000g\000o\000r\000i\000t\000m\000o}{chapter.3}% 12
\BOOKMARK [1][-]{section.3.2}{\376\377\000D\000i\000m\000o\000s\000t\000r\000a\000z\000i\000o\000n\000e\000\040\000d\000i\000\040\000c\000o\000n\000v\000e\000r\000g\000e\000n\000z\000a}{chapter.3}% 13
\BOOKMARK [1][-]{section.3.3}{\376\377\000I\000m\000p\000l\000e\000m\000e\000n\000t\000a\000z\000i\000o\000n\000i\000\040\000e\000s\000i\000s\000t\000e\000n\000t\000i}{chapter.3}% 14
\BOOKMARK [0][-]{chapter.4}{\376\377\000K\000n\000a\000p\000s\000a\000c\000k\000\040\000P\000r\000o\000b\000l\000e\000m}{}% 15
\BOOKMARK [1][-]{section.4.1}{\376\377\000F\000o\000r\000m\000u\000l\000a\000z\000i\000o\000n\000e\000\040\000Q\000U\000B\000O}{chapter.4}% 16
\BOOKMARK [1][-]{section.4.2}{\376\377\000D\000e\000r\000i\000v\000a\000z\000i\000o\000n\000e\000\040\000d\000e\000l\000l\000a\000\040\000m\000a\000t\000r\000i\000c\000e\000\040\000Q}{chapter.4}% 17
\BOOKMARK [1][-]{section.4.3}{\376\377\000S\000c\000e\000l\000t\000e\000\040\000d\000e\000l\000\040\000p\000a\000r\000a\000m\000e\000t\000r\000o\000\040}{chapter.4}% 18
\BOOKMARK [0][-]{chapter.5}{\376\377\000M\000e\000t\000o\000d\000o\000l\000o\000g\000i\000a\000\040\000s\000p\000e\000r\000i\000m\000e\000n\000t\000a\000l\000e}{}% 19
\BOOKMARK [1][-]{section.5.1}{\376\377\000B\000a\000s\000e\000l\000i\000n\000e\000\040\000c\000l\000a\000s\000s\000i\000c\000a}{chapter.5}% 20
\BOOKMARK [1][-]{section.5.2}{\376\377\000S\000c\000a\000l\000i\000n\000g\000\040\000Q\000U\000B\000O}{chapter.5}% 21
\BOOKMARK [1][-]{section.5.3}{\376\377\000P\000a\000r\000a\000m\000e\000t\000r\000o\000\040\000S\000w\000a\000p\000\050\000k\000,\000\040\000T\000I\000M\000E\000S\000\051}{chapter.5}% 22
\BOOKMARK [1][-]{section.5.4}{\376\377\000C\000o\000n\000f\000r\000o\000n\000t\000o\000\040\000c\000o\000n\000\040\000G\000u\000r\000o\000b\000i}{chapter.5}% 23
\BOOKMARK [0][-]{chapter.6}{\376\377\000D\000i\000a\000g\000n\000o\000s\000t\000i\000c\000a\000\040\000d\000i\000\040\000Q\000A\000L\000S}{}% 24
\BOOKMARK [1][-]{section.6.1}{\376\377\000D\000i\000s\000t\000a\000n\000z\000e\000\040\000d\000i\000\040\000H\000a\000m\000m\000i\000n\000g}{chapter.6}% 25
\BOOKMARK [1][-]{section.6.2}{\376\377\000C\000l\000u\000s\000t\000e\000r\000i\000n\000g\000\040\000a\000g\000g\000l\000o\000m\000e\000r\000a\000t\000i\000v\000o}{chapter.6}% 26
\BOOKMARK [1][-]{section.6.3}{\376\377\000D\000e\000c\000a\000y\000\040\000f\000a\000c\000t\000o\000r}{chapter.6}% 27
\BOOKMARK [0][-]{chapter.7}{\376\377\000P\000r\000o\000p\000o\000s\000t\000a\000\040\000d\000i\000\040\000m\000i\000g\000l\000i\000o\000r\000a\000m\000e\000n\000t\000o}{}% 28
\BOOKMARK [0][-]{chapter.8}{\376\377\000R\000i\000s\000u\000l\000t\000a\000t\000i\000\040\000s\000p\000e\000r\000i\000m\000e\000n\000t\000a\000l\000i}{}% 29
\BOOKMARK [1][-]{section.8.1}{\376\377\000R\000i\000e\000p\000i\000l\000o\000g\000o\000\040\000c\000o\000m\000p\000a\000r\000a\000t\000i\000v\000o\000\040\000p\000e\000r\000\040\000i\000s\000t\000a\000n\000z\000a}{chapter.8}% 30
\BOOKMARK [0][-]{chapter.9}{\376\377\000C\000o\000n\000c\000l\000u\000s\000i\000o\000n\000i}{}% 31
\BOOKMARK [0][-]{appendix.A}{\376\377\000A\000p\000p\000e\000n\000d\000i\000c\000i}{}% 32
\BOOKMARK [1][-]{section.A.1}{\376\377\000P\000s\000e\000u\000d\000o\000c\000o\000d\000i\000c\000e}{appendix.A}% 33
\BOOKMARK [1][-]{section.A.2}{\376\377\000D\000a\000t\000i\000\040\000d\000e\000l\000l\000e\000\040\000i\000s\000t\000a\000n\000z\000e}{appendix.A}% 34
\BOOKMARK [1][-]{section.A.3}{\376\377\000T\000a\000b\000e\000l\000l\000e}{appendix.A}% 35
